// Jest Snapshot v1, https://goo.gl/fbAQLP

exports[`InvoiceCard.vue should have a custom title and match snapshot 1`] = `
<div class="pa-2 v-card v-sheet theme--light">
  <div class="v-card__title"><span class="headline">Foobar</span></div>
  <div class="v-card__text">
    <div class="container">
      <div class="row">
        <div class="col col-12">
          <div class="v-input v-input--is-label-active v-input--is-dirty theme--light v-text-field">
            <div class="v-input__control">
              <div class="v-input__slot">
                <div class="v-text-field__slot"><label for="input-20" class="v-label v-label--active theme--light" style="left: 0px; position: absolute;">Invoice Number</label><input required="required" id="input-20" type="text"></div>
              </div>
              <div class="v-text-field__details">
                <div class="v-messages theme--light"><span name="message-transition" tag="div" class="v-messages__wrapper"></span></div>
              </div>
            </div>
          </div>
        </div>
        <div class="col col-12">
          <div class="v-menu">
            <div class="v-input v-input--is-label-active v-input--is-dirty v-input--is-readonly theme--light v-text-field">
              <div class="v-input__prepend-outer">
                <div class="v-input__icon v-input__icon--prepend"><i aria-hidden="true" class="v-icon notranslate mdi mdi-calendar theme--light"></i></div>
              </div>
              <div class="v-input__control">
                <div class="v-input__slot">
                  <div class="v-text-field__slot"><label for="input-24" class="v-label v-label--active theme--light" style="left: 0px; position: absolute;">Due Date</label><input id="input-24" readonly="readonly" type="text"></div>
                </div>
                <div class="v-text-field__details">
                  <div class="v-messages theme--light"><span name="message-transition" tag="div" class="v-messages__wrapper"></span></div>
                </div>
              </div>
            </div>
            <div role="menu" class="v-menu__content theme--light " style="max-height: auto; min-width: 290px; max-width: auto; top: 12px; left: 0px; transform-origin: top left; z-index: 0; display: none;"></div>
          </div>
        </div>
      </div>
    </div>
  </div>
  <div class="v-card__actions">
    <div class="flex-grow-1"></div> <button type="button" class="v-btn v-btn--flat v-btn--text theme--light v-size--default blue--text text--darken-1"><span class="v-btn__content">Cancel</span></button> <button type="button" class="v-btn v-btn--flat v-btn--text theme--light v-size--default blue--text text--darken-1"><span class="v-btn__content">Save</span></button>
  </div>
</div>
`;
